[
["SOFTDEV 1", "1. How much do you enjoy writing and debugging code?"],
["SOFTDEV 2", "2. How much do you enjoy solving logical problems or puzzles?"],
["SOFTDEV 3", "3. How interested are you in learning new programming languages?"],
["SOFTDEV 4", "4. How much do you enjoy creating applications or software solutions?"],
["SOFTDEV 5", "5. How confident are you in working with algorithms and data structures?"],
["DATASCI 1", "6. How much do you enjoy working with large datasets?"],
["DATASCI 2", "7. How much do you enjoy analyzing data to find patterns or trends?"],
["DATASCI 3", "8. How interested are you in statistics and probability?"],
["DATASCI 4", "9. How much do you enjoy creating graphs or visualizations from data?"],
["DATASCI 5", "10. How confident are you in working with databases or spreadsheets?"],
["CYBERSEC 1", "11. How interested are you in protecting systems from hackers and cyber threats?"],
["CYBERSEC 2", "12. How much do you enjoy investigating and analyzing security breaches?"],
["CYBERSEC 3", "13. How curious are you about cryptography and secure communications?"],
["CYBERSEC 4", "14. How much do you enjoy setting up and configuring firewalls or secure networks?"],
["CYBERSEC 5", "15. How confident are you in thinking like a hacker to anticipate and prevent cyberattacks?"],
["SYSADMIN 1", "16. How much do you enjoy working with hardware components of a computer?"],
["SYSADMIN 2", "17. How interested are you in setting up servers or networks?"],
["SYSADMIN 3", "18. How much do you enjoy optimizing the performance of software or systems?"],
["SYSADMIN 4", "19. How much do you enjoy troubleshooting operating systems or networks?"],
["SYSADMIN 5", "20. How curious are you about how operating systems manage resources like memory and processes?"],
["AIML 1", "21. How interested are you in creating systems that can learn and adapt?"],
["AIML 2", "22. How much do you enjoy working with natural language processing or chatbots?"],
["AIML 3", "23. How curious are you about how machines can recognize images or speech?"],
["AIML 4", "24. How much do you enjoy working with AI models like machine learning or neural networks?"],
["AIML 5", "25. How excited are you about the possibilities of automation and robotics?"],
["OUTRO", "Alright, let's tally up the results."]
]
